<increase first="9.00" last="19.50"/><increase first="3.00" last="16.50"/><increase first="7.50" last="45.00"/><increase first="6.00" last="12.00"/><increase first="13.50" last="34.50"/><increase first="3.00" last="12.00"/><increase first="1.50" last="27.00"/><increase first="3.00" last="6.00"/><increase first="4.50" last="18.00"/><increase first="3.00" last="13.50"/><increase first="7.50" last="19.50"/><increase first="6.00" last="49.50"/><increase first="1.50" last="12.00"/><increase first="4.50" last="31.50"/><increase first="13.50" last="37.50"/><increase first="10.50" last="24.00"/><increase first="3.00" last="7.50"/><increase first="7.50" last="16.50"/><increase first="6.00" last="34.50"/><increase first="1.50" last="4.50"/><increase first="3.00" last="9.00"/><increase first="1.50" last="3.00"/>