<item person="Sinisa Farrel">0</item><item person="Hayato Cappelletti">0</item><item person="Assef Muniz">0</item><item person="Mehrdad Suermann">0</item><item person="Dominic Demmer">0</item><item person="Wai Dedood">0</item><item person="Vijayan Binkley">0</item><item person="Lorcan Georgakopoulos">0</item><item person="Teresita Rahmat">0</item><item person="Mohamadou Castella">0</item><item person="Chaosheng Dillon">0</item><item person="Rami Klugerman">0</item><item person="Gudmund Ranft">0</item><item person="Yonghong Hacken">0</item><item person="Jorjeta Shiratori">0</item><item person="Moie Prata">0</item><item person="Leendert Hirschowitz">0</item><item person="Corinne Luca">0</item><item person="Sankar Syrzycki">0</item><item person="Taiji Schwantner">0</item><item person="Peta Pesant">0</item><item person="Chihming Ballarin">0</item><item person="Raghubir Oppitz">0</item><item person="Edith Qutaishat">0</item><item person="Mehrdad Erbach">0</item><item person="Merav Thornley">0</item><item person="Chaitali Slyke">0</item><item person="Kok Geiger">0</item><item person="Zhilian Gramp">0</item><item person="Cordelia Shackell">0</item><item person="Anargyros Landy">0</item><item person="Avijit Schade">0</item><item person="Hon Feldhoffer">0</item><item person="Chenye Bartell">0</item><item person="Juyoung Purna">0</item><item person="Mehrdad Foong">0</item><item person="Sivan Streett">0</item><item person="Asao Machesky">0</item><item person="Danny Tzitzikas">0</item><item person="Rune Rivero">0</item><item person="Cetin Banning">0</item><item person="Hiroko Schhwartz">0</item><item person="Domenico Keustermans">0</item><item person="Patricio Veldwijk">0</item><item person="Shavinder Giger">0</item><item person="Miyuki Usdin">0</item><item person="Melvin Schiefer">0</item><item person="Abdelhakim Cesareni">0</item><item person="Marian Narasimhan">0</item><item person="Amabile Nishimura">0</item><item person="Siau Handzel">0</item><item person="Charalambos Ducloy">0</item><item person="Yimeng Eaglestone">0</item><item person="Mehrdad Stancampiano">0</item><item person="Diamantino Sensen">0</item><item person="Gudrun Yaku">0</item><item person="Verlynda Basart">0</item><item person="Helger Navazio">0</item><item person="Graham Takano">0</item><item person="Wanda Takano">0</item><item person="Suvo Leherte">0</item><item person="Mizuhito Skuppin">0</item><item person="Roch Grivas">0</item><item person="Leandro Attimonelli">0</item><item person="Kyujin Ortmann">0</item><item person="Hyeokman Soloway">0</item><item person="Hanja Ohmori">0</item><item person="Peichen Kacprzyk">0</item><item person="Sadegh Ziegert">0</item><item person="Yishai Ermel">1</item><item person="Jackson McCoy">0</item><item person="Younggeun Helland">0</item><item person="Haidar Yang">0</item><item person="Bernahrd Molberg">0</item><item person="Will Loncour">1</item><item person="Claudius McFarland">0</item><item person="Eliseo Miczo">0</item><item person="Subash Challab">0</item><item person="Nobuyasu Bolsens">0</item><item person="Luong Takano">0</item><item person="Gwyneth Staylopatis">1</item><item person="Emanuele Fermuller">1</item><item person="Haitao Ranon">0</item><item person="Surya Trucco">1</item><item person="Jurjen Pleszkun">0</item><item person="Mehryar Schwabacher">1</item><item person="Gift Sloman">0</item><item person="Kaushik Styles">0</item><item person="Aviv Georgatos">2</item><item person="Mariusz Ehrhard">1</item><item person="Shai Kirihata">0</item><item person="Mehrdad Murthy">0</item><item person="Theordore Aingworth">3</item><item person="Yakichi Sabharwal">0</item><item person="Huseyin Zirintsis">1</item><item person="Shichao Iwayama">0</item><item person="Serban Artelt">0</item><item person="Mattijs Kinley">0</item><item person="Bradd Linsker">0</item><item person="Yoshiki Takano">0</item><item person="Eivor Gecseg">0</item><item person="Giuseppe O'Haver">0</item><item person="Tiina Mittasch">0</item><item person="Yongqiao Pitschke">0</item><item person="Sumant Nollmann">3</item><item person="Evangeline Emery">1</item><item person="Sumant Schlenzig">1</item><item person="Soad Lonchamp">0</item><item person="Banu Takano">0</item><item person="Hirondo Takano">0</item><item person="Alassane Tautenhahn">1</item><item person="Weiru Douceur">0</item><item person="Siva Marletta">2</item><item person="Hidemitsu Monarch">2</item><item person="Kristo Baezner">2</item><item person="Tiina Phuc">1</item><item person="Giangiacomo Piette">1</item><item person="Sumant Devitt">3</item><item person="Kailasam Norigoe">0</item><item person="Yang Muluszynski">2</item><item person="Katsuya Commoner">3</item><item person="Jorrge Gluck">1</item><item person="Anca Tanishita">5</item><item person="Goker Berc">3</item><item person="LiMin Brazell">4</item><item person="Peiyuan Horswill">0</item><item person="Yannis Forgie">1</item><item person="Kwee Swan">3</item><item person="Thane Carrier">2</item><item person="Gregor Pink">1</item><item person="Shietung Godskesen">0</item><item person="Toshiro Waleschkowski">1</item><item person="Mitsuho Takano">3</item><item person="Lanju Regli">0</item><item person="Georgette Ziegert">1</item><item person="Kazunori Crouse">5</item><item person="Mehrdad Hiyoshi">0</item><item person="Mir Garnham">3</item><item person="Kishan Montresor">0</item><item person="Taizan Carriere">2</item><item person="Bongham Sreekantaswamy">1</item><item person="Mountaz Kushnir">1</item><item person="Tokinori Gyssens">2</item><item person="Guillermo Wijayarathna">1</item><item person="Yung Flach">4</item><item person="Masateru Brancadori">1</item><item person="Wuxu Plump">1</item><item person="Radek Alwan">3</item><item person="Mandyam Hatonen">2</item><item person="Lucas Kawashima">1</item><item person="Sunggu Peris">0</item><item person="Gro Wheeler">0</item><item person="Klemens Franaszczuk">0</item><item person="Karabi Morvan">1</item><item person="Chihping Desautels">0</item><item person="Xuejia Lagarias">1</item><item person="Weining Kwasny">0</item><item person="Eliseu Grass">0</item><item person="Ryoji Pelletreau">2</item><item person="Junzo Vingron">1</item><item person="Noriyoshi Gavrin">0</item><item person="Rujith Ullian">0</item><item person="Kazimir Sitter">1</item><item person="Heon Kernebeck">0</item><item person="Heuey Ranum">1</item><item person="Kshitij Dorchak">1</item><item person="Yacoub Kogge">0</item><item person="Kenroku Chauche">1</item><item person="Nematollaah Rovan">0</item><item person="Fariba Feldhoffer">0</item><item person="Dushyanth Philippsen">1</item><item person="Ziyad Mancoridis">0</item><item person="Lingyuan Docker">0</item><item person="Saydean Elliman">0</item><item person="Rupak Brundage">0</item><item person="Marcello Bharadwaj">0</item><item person="Jaana Claffy">0</item><item person="Oswin Piazza">0</item><item person="Velma Gidron">0</item><item person="Margita Businaro">0</item><item person="Gur Binding">0</item><item person="Raimond Tzvieli">0</item><item person="Iyer Erie">0</item><item person="Yali Buford">0</item><item person="Nozomu Lutzeler">0</item><item person="Cong Takano">0</item><item person="Goncalo Bergere">0</item><item person="Mehrdad Takano">0</item><item person="Vatsa Weaver">0</item><item person="Maguelonne Geffroy">0</item><item person="Sadashiva Tomescu">0</item><item person="Wenceslas Bernardeschi">0</item><item person="Tsuneo Nakatake">0</item><item person="Gian Takano">0</item><item person="Mahan Takano">0</item><item person="Lui Demian">0</item><item person="Stabislas Binding">0</item><item person="Baik Pachowicz">0</item><item person="Junping Templeman">0</item><item person="Jerri Schuller">0</item><item person="Hanspeter Yavatkar">0</item><item person="Barbora Giannotti">0</item><item person="Allessandro Akkermans">0</item><item person="Lidong Faour">0</item><item person="Kanna Rubio">0</item><item person="Djamal Peak">0</item><item person="Perla Eichhorn">0</item><item person="Piew Scharf">0</item><item person="Sourabh Steingart">0</item><item person="Arjen Takano">0</item><item person="Giora Duclos">0</item><item person="Shuetsu Mancoridis">0</item><item person="Kazuhira Alsup">0</item><item person="Shihming Rothstein">0</item><item person="Michihiro Takano">0</item><item person="Jayson Cooper">0</item><item person="Mehrdad Collette">0</item><item person="Thoms Leazer">0</item><item person="Winston Spinner">0</item><item person="Object Beregi">0</item><item person="Asaf Rousset">0</item><item person="Richard Meekings">0</item><item person="Sasan Takano">0</item><item person="Ambros Diebold">0</item><item person="Yuichiro L'Excellent">0</item><item person="Qin Laurillard">0</item><item person="Bezalel Morrow">0</item><item person="Rusong Guardalben">0</item><item person="Ronghao Zadicario">0</item><item person="Manu MacGinnes">0</item><item person="Piyawadee Peng">0</item><item person="Xiaocheng Cooley">0</item><item person="Iskender Champarnaud">0</item><item person="Wataru Uselton">0</item><item person="Mohd Kushnir">0</item><item person="Kevin Norrish">0</item><item person="Lakshmi Lichtner">0</item><item person="Harley Larfeldt">0</item><item person="Salvador Sinicrope">0</item><item person="Teru Buisson">0</item><item person="Sakae Takano">0</item><item person="Graham Azulay">0</item><item person="Jaewon Lokketangen">0</item><item person="Yechezkel Beauzamy">0</item><item person="Yinong Bodwin">0</item><item person="Sampalli Rofougaran">0</item><item person="Arun Sambasivam">0</item><item person="Masateru Catot">0</item><item person="Tankoano Bruekers">0</item><item person="Geoffrey Mersmann">0</item><item person="Mehrdad Raza">0</item><item person="Junro Rosaz">0</item><item person="Mieczyslaw Catalkaya">0</item><item person="Elliott Luiz">0</item><item person="Wayne Routh">0</item>