<person name="Sinisa Farrel"/><person name="Hayato Cappelletti"/><person name="Assef Muniz"/><person name="Mehrdad Suermann"/><person name="Dominic Demmer"/><person name="Wai Dedood"/><person name="Vijayan Binkley"/><person name="Lorcan Georgakopoulos"/><person name="Teresita Rahmat"/><person name="Mohamadou Castella"/><person name="Chaosheng Dillon"/><person name="Rami Klugerman"/><person name="Gudmund Ranft"/><person name="Yonghong Hacken"/><person name="Jorjeta Shiratori"/><person name="Moie Prata"/><person name="Leendert Hirschowitz"/><person name="Corinne Luca"/><person name="Sankar Syrzycki"/><person name="Taiji Schwantner"/><person name="Peta Pesant"/><person name="Chihming Ballarin"/><person name="Raghubir Oppitz"/><person name="Edith Qutaishat"/><person name="Mehrdad Erbach"/><person name="Merav Thornley"/><person name="Chaitali Slyke"/><person name="Kok Geiger"/><person name="Zhilian Gramp"/><person name="Cordelia Shackell"/><person name="Anargyros Landy"/><person name="Avijit Schade"/><person name="Hon Feldhoffer"/><person name="Chenye Bartell"/><person name="Juyoung Purna"/><person name="Mehrdad Foong"/><person name="Sivan Streett"/><person name="Asao Machesky"/><person name="Danny Tzitzikas"/><person name="Rune Rivero"/><person name="Cetin Banning"/><person name="Hiroko Schhwartz"/><person name="Domenico Keustermans"/><person name="Patricio Veldwijk"/><person name="Shavinder Giger"/><person name="Miyuki Usdin"/><person name="Melvin Schiefer"/><person name="Abdelhakim Cesareni"/><person name="Marian Narasimhan"/><person name="Amabile Nishimura"/><person name="Siau Handzel"/><person name="Charalambos Ducloy"/><person name="Yimeng Eaglestone"/><person name="Mehrdad Stancampiano"/><person name="Diamantino Sensen"/><person name="Gudrun Yaku"/><person name="Verlynda Basart"/><person name="Helger Navazio"/><person name="Graham Takano"/><person name="Wanda Takano"/><person name="Suvo Leherte"/><person name="Mizuhito Skuppin"/><person name="Roch Grivas"/><person name="Leandro Attimonelli"/><person name="Kyujin Ortmann"/><person name="Hyeokman Soloway"/><person name="Hanja Ohmori"/><person name="Peichen Kacprzyk"/><person name="Sadegh Ziegert"/><person name="Yishai Ermel"><item/></person><person name="Jackson McCoy"/><person name="Younggeun Helland"/><person name="Haidar Yang"/><person name="Bernahrd Molberg"/><person name="Will Loncour"><item/></person><person name="Claudius McFarland"/><person name="Eliseo Miczo"/><person name="Subash Challab"/><person name="Nobuyasu Bolsens"/><person name="Luong Takano"/><person name="Gwyneth Staylopatis"><item>poet halter shallow </item></person><person name="Emanuele Fermuller"><item/></person><person name="Haitao Ranon"/><person name="Surya Trucco"><item>hail million kisses </item></person><person name="Jurjen Pleszkun"/><person name="Mehryar Schwabacher"><item/></person><person name="Gift Sloman"/><person name="Kaushik Styles"/><person name="Aviv Georgatos"><item>integrity weapon </item><item/></person><person name="Mariusz Ehrhard"><item/></person><person name="Shai Kirihata"/><person name="Mehrdad Murthy"/><person name="Theordore Aingworth"><item/><item>suck wager </item><item/></person><person name="Yakichi Sabharwal"/><person name="Huseyin Zirintsis"><item/></person><person name="Shichao Iwayama"/><person name="Serban Artelt"/><person name="Mattijs Kinley"/><person name="Bradd Linsker"/><person name="Yoshiki Takano"/><person name="Eivor Gecseg"/><person name="Giuseppe O'Haver"/><person name="Tiina Mittasch"/><person name="Yongqiao Pitschke"/><person name="Sumant Nollmann"><item/><item>gap mean harlot satisfy </item><item/></person><person name="Evangeline Emery"><item/></person><person name="Sumant Schlenzig"><item/></person><person name="Soad Lonchamp"/><person name="Banu Takano"/><person name="Hirondo Takano"/><person name="Alassane Tautenhahn"><item/></person><person name="Weiru Douceur"/><person name="Siva Marletta"><item/><item/></person><person name="Hidemitsu Monarch"><item>continuance man </item><item/></person><person name="Kristo Baezner"><item/><item>thirdly phebe sheep mourn </item></person><person name="Tiina Phuc"><item/></person><person name="Giangiacomo Piette"><item/></person><person name="Sumant Devitt"><item/><item/><item/></person><person name="Kailasam Norigoe"/><person name="Yang Muluszynski"><item>revel discovery before night </item><item/></person><person name="Katsuya Commoner"><item/><item>guilt </item><item>monstrous least mighty </item></person><person name="Jorrge Gluck"><item>roll </item></person><person name="Anca Tanishita"><item>oph sleepy </item><item/><item/><item/><item/></person><person name="Goker Berc"><item/><item>women authority willingly points </item><item>heed capulet </item></person><person name="LiMin Brazell"><item/><item>whore </item><item>wherefore </item><item/></person><person name="Peiyuan Horswill"/><person name="Yannis Forgie"><item/></person><person name="Kwee Swan"><item/><item/><item/></person><person name="Thane Carrier"><item/><item>next colours pain </item></person><person name="Gregor Pink"><item/></person><person name="Shietung Godskesen"/><person name="Toshiro Waleschkowski"><item>eve mate </item></person><person name="Mitsuho Takano"><item>used phrase carries struck </item><item>chides sleeps </item><item>disdainful </item></person><person name="Lanju Regli"/><person name="Georgette Ziegert"><item/></person><person name="Kazunori Crouse"><item/><item>winters </item><item>empress meet lender </item><item/><item/></person><person name="Mehrdad Hiyoshi"/><person name="Mir Garnham"><item>shaking cloak </item><item>fire abuse sage feasts </item><item/></person><person name="Kishan Montresor"/><person name="Taizan Carriere"><item/><item/></person><person name="Bongham Sreekantaswamy"><item/></person><person name="Mountaz Kushnir"><item/></person><person name="Tokinori Gyssens"><item/><item/></person><person name="Guillermo Wijayarathna"><item/></person><person name="Yung Flach"><item/><item/><item/><item/></person><person name="Masateru Brancadori"><item/></person><person name="Wuxu Plump"><item/></person><person name="Radek Alwan"><item/><item/><item>scarce </item></person><person name="Mandyam Hatonen"><item/><item>forever </item></person><person name="Lucas Kawashima"><item/></person><person name="Sunggu Peris"/><person name="Gro Wheeler"/><person name="Klemens Franaszczuk"/><person name="Karabi Morvan"><item/></person><person name="Chihping Desautels"/><person name="Xuejia Lagarias"><item/></person><person name="Weining Kwasny"/><person name="Eliseu Grass"/><person name="Ryoji Pelletreau"><item/><item/></person><person name="Junzo Vingron"><item>charmian </item></person><person name="Noriyoshi Gavrin"/><person name="Rujith Ullian"/><person name="Kazimir Sitter"><item/></person><person name="Heon Kernebeck"/><person name="Heuey Ranum"><item/></person><person name="Kshitij Dorchak"><item/></person><person name="Yacoub Kogge"/><person name="Kenroku Chauche"><item/></person><person name="Nematollaah Rovan"/><person name="Fariba Feldhoffer"/><person name="Dushyanth Philippsen"><item/></person><person name="Ziyad Mancoridis"/><person name="Lingyuan Docker"/><person name="Saydean Elliman"/><person name="Rupak Brundage"/><person name="Marcello Bharadwaj"/><person name="Jaana Claffy"/><person name="Oswin Piazza"/><person name="Velma Gidron"/><person name="Margita Businaro"/><person name="Gur Binding"/><person name="Raimond Tzvieli"/><person name="Iyer Erie"/><person name="Yali Buford"/><person name="Nozomu Lutzeler"/><person name="Cong Takano"/><person name="Goncalo Bergere"/><person name="Mehrdad Takano"/><person name="Vatsa Weaver"/><person name="Maguelonne Geffroy"/><person name="Sadashiva Tomescu"/><person name="Wenceslas Bernardeschi"/><person name="Tsuneo Nakatake"/><person name="Gian Takano"/><person name="Mahan Takano"/><person name="Lui Demian"/><person name="Stabislas Binding"/><person name="Baik Pachowicz"/><person name="Junping Templeman"/><person name="Jerri Schuller"/><person name="Hanspeter Yavatkar"/><person name="Barbora Giannotti"/><person name="Allessandro Akkermans"/><person name="Lidong Faour"/><person name="Kanna Rubio"/><person name="Djamal Peak"/><person name="Perla Eichhorn"/><person name="Piew Scharf"/><person name="Sourabh Steingart"/><person name="Arjen Takano"/><person name="Giora Duclos"/><person name="Shuetsu Mancoridis"/><person name="Kazuhira Alsup"/><person name="Shihming Rothstein"/><person name="Michihiro Takano"/><person name="Jayson Cooper"/><person name="Mehrdad Collette"/><person name="Thoms Leazer"/><person name="Winston Spinner"/><person name="Object Beregi"/><person name="Asaf Rousset"/><person name="Richard Meekings"/><person name="Sasan Takano"/><person name="Ambros Diebold"/><person name="Yuichiro L'Excellent"/><person name="Qin Laurillard"/><person name="Bezalel Morrow"/><person name="Rusong Guardalben"/><person name="Ronghao Zadicario"/><person name="Manu MacGinnes"/><person name="Piyawadee Peng"/><person name="Xiaocheng Cooley"/><person name="Iskender Champarnaud"/><person name="Wataru Uselton"/><person name="Mohd Kushnir"/><person name="Kevin Norrish"/><person name="Lakshmi Lichtner"/><person name="Harley Larfeldt"/><person name="Salvador Sinicrope"/><person name="Teru Buisson"/><person name="Sakae Takano"/><person name="Graham Azulay"/><person name="Jaewon Lokketangen"/><person name="Yechezkel Beauzamy"/><person name="Yinong Bodwin"/><person name="Sampalli Rofougaran"/><person name="Arun Sambasivam"/><person name="Masateru Catot"/><person name="Tankoano Bruekers"/><person name="Geoffrey Mersmann"/><person name="Mehrdad Raza"/><person name="Junro Rosaz"/><person name="Mieczyslaw Catalkaya"/><person name="Elliott Luiz"/><person name="Wayne Routh"/>