<items name="Sinisa Farrel">0</items><items name="Hayato Cappelletti">4</items><items name="Assef Muniz">4</items><items name="Mehrdad Suermann">19</items><items name="Dominic Demmer">0</items><items name="Wai Dedood">13</items><items name="Vijayan Binkley">13</items><items name="Lorcan Georgakopoulos">0</items><items name="Teresita Rahmat">4</items><items name="Mohamadou Castella">19</items><items name="Chaosheng Dillon">0</items><items name="Rami Klugerman">13</items><items name="Gudmund Ranft">0</items><items name="Yonghong Hacken">12</items><items name="Jorjeta Shiratori">9</items><items name="Moie Prata">6</items><items name="Leendert Hirschowitz">0</items><items name="Corinne Luca">12</items><items name="Sankar Syrzycki">0</items><items name="Taiji Schwantner">12</items><items name="Peta Pesant">5</items><items name="Chihming Ballarin">0</items><items name="Raghubir Oppitz">7</items><items name="Edith Qutaishat">0</items><items name="Mehrdad Erbach">0</items><items name="Merav Thornley">0</items><items name="Chaitali Slyke">13</items><items name="Kok Geiger">0</items><items name="Zhilian Gramp">0</items><items name="Cordelia Shackell">0</items><items name="Anargyros Landy">0</items><items name="Avijit Schade">4</items><items name="Hon Feldhoffer">7</items><items name="Chenye Bartell">0</items><items name="Juyoung Purna">0</items><items name="Mehrdad Foong">9</items><items name="Sivan Streett">0</items><items name="Asao Machesky">0</items><items name="Danny Tzitzikas">0</items><items name="Rune Rivero">0</items><items name="Cetin Banning">0</items><items name="Hiroko Schhwartz">0</items><items name="Domenico Keustermans">4</items><items name="Patricio Veldwijk">0</items><items name="Shavinder Giger">14</items><items name="Miyuki Usdin">4</items><items name="Melvin Schiefer">0</items><items name="Abdelhakim Cesareni">0</items><items name="Marian Narasimhan">0</items><items name="Amabile Nishimura">0</items><items name="Siau Handzel">0</items><items name="Charalambos Ducloy">0</items><items name="Yimeng Eaglestone">0</items><items name="Mehrdad Stancampiano">7</items><items name="Diamantino Sensen">0</items><items name="Gudrun Yaku">12</items><items name="Verlynda Basart">0</items><items name="Helger Navazio">0</items><items name="Graham Takano">0</items><items name="Wanda Takano">19</items><items name="Suvo Leherte">0</items><items name="Mizuhito Skuppin">12</items><items name="Roch Grivas">12</items><items name="Leandro Attimonelli">0</items><items name="Kyujin Ortmann">4</items><items name="Hyeokman Soloway">0</items><items name="Hanja Ohmori">20</items><items name="Peichen Kacprzyk">0</items><items name="Sadegh Ziegert">9</items><items name="Yishai Ermel">19</items><items name="Jackson McCoy">12</items><items name="Younggeun Helland">12</items><items name="Haidar Yang">10</items><items name="Bernahrd Molberg">0</items><items name="Will Loncour">4</items><items name="Claudius McFarland">4</items><items name="Eliseo Miczo">0</items><items name="Subash Challab">0</items><items name="Nobuyasu Bolsens">12</items><items name="Luong Takano">14</items><items name="Gwyneth Staylopatis">0</items><items name="Emanuele Fermuller">0</items><items name="Haitao Ranon">0</items><items name="Surya Trucco">12</items><items name="Jurjen Pleszkun">0</items><items name="Mehryar Schwabacher">0</items><items name="Gift Sloman">18</items><items name="Kaushik Styles">0</items><items name="Aviv Georgatos">0</items><items name="Mariusz Ehrhard">0</items><items name="Shai Kirihata">12</items><items name="Mehrdad Murthy">0</items><items name="Theordore Aingworth">0</items><items name="Yakichi Sabharwal">4</items><items name="Huseyin Zirintsis">12</items><items name="Shichao Iwayama">5</items><items name="Serban Artelt">13</items><items name="Mattijs Kinley">10</items><items name="Bradd Linsker">4</items><items name="Yoshiki Takano">15</items><items name="Eivor Gecseg">13</items><items name="Giuseppe O'Haver">13</items><items name="Tiina Mittasch">4</items><items name="Yongqiao Pitschke">0</items><items name="Sumant Nollmann">13</items><items name="Evangeline Emery">12</items><items name="Sumant Schlenzig">0</items><items name="Soad Lonchamp">0</items><items name="Banu Takano">20</items><items name="Hirondo Takano">0</items><items name="Alassane Tautenhahn">4</items><items name="Weiru Douceur">14</items><items name="Siva Marletta">5</items><items name="Hidemitsu Monarch">19</items><items name="Kristo Baezner">20</items><items name="Tiina Phuc">0</items><items name="Giangiacomo Piette">12</items><items name="Sumant Devitt">0</items><items name="Kailasam Norigoe">0</items><items name="Yang Muluszynski">13</items><items name="Katsuya Commoner">4</items><items name="Jorrge Gluck">0</items><items name="Anca Tanishita">5</items><items name="Goker Berc">4</items><items name="LiMin Brazell">12</items><items name="Peiyuan Horswill">26</items><items name="Yannis Forgie">0</items><items name="Kwee Swan">0</items><items name="Thane Carrier">0</items><items name="Gregor Pink">0</items><items name="Shietung Godskesen">0</items><items name="Toshiro Waleschkowski">10</items><items name="Mitsuho Takano">0</items><items name="Lanju Regli">0</items><items name="Georgette Ziegert">12</items><items name="Kazunori Crouse">0</items><items name="Mehrdad Hiyoshi">19</items><items name="Mir Garnham">12</items><items name="Kishan Montresor">0</items><items name="Taizan Carriere">0</items><items name="Bongham Sreekantaswamy">0</items><items name="Mountaz Kushnir">12</items><items name="Tokinori Gyssens">4</items><items name="Guillermo Wijayarathna">18</items><items name="Yung Flach">0</items><items name="Masateru Brancadori">0</items><items name="Wuxu Plump">0</items><items name="Radek Alwan">9</items><items name="Mandyam Hatonen">4</items><items name="Lucas Kawashima">0</items><items name="Sunggu Peris">4</items><items name="Gro Wheeler">4</items><items name="Klemens Franaszczuk">13</items><items name="Karabi Morvan">17</items><items name="Chihping Desautels">9</items><items name="Xuejia Lagarias">19</items><items name="Weining Kwasny">17</items><items name="Eliseu Grass">0</items><items name="Ryoji Pelletreau">29</items><items name="Junzo Vingron">19</items><items name="Noriyoshi Gavrin">4</items><items name="Rujith Ullian">20</items><items name="Kazimir Sitter">0</items><items name="Heon Kernebeck">0</items><items name="Heuey Ranum">17</items><items name="Kshitij Dorchak">13</items><items name="Yacoub Kogge">0</items><items name="Kenroku Chauche">0</items><items name="Nematollaah Rovan">4</items><items name="Fariba Feldhoffer">0</items><items name="Dushyanth Philippsen">4</items><items name="Ziyad Mancoridis">10</items><items name="Lingyuan Docker">22</items><items name="Saydean Elliman">0</items><items name="Rupak Brundage">12</items><items name="Marcello Bharadwaj">0</items><items name="Jaana Claffy">10</items><items name="Oswin Piazza">5</items><items name="Velma Gidron">0</items><items name="Margita Businaro">12</items><items name="Gur Binding">0</items><items name="Raimond Tzvieli">0</items><items name="Iyer Erie">0</items><items name="Yali Buford">17</items><items name="Nozomu Lutzeler">4</items><items name="Cong Takano">10</items><items name="Goncalo Bergere">0</items><items name="Mehrdad Takano">0</items><items name="Vatsa Weaver">12</items><items name="Maguelonne Geffroy">0</items><items name="Sadashiva Tomescu">20</items><items name="Wenceslas Bernardeschi">0</items><items name="Tsuneo Nakatake">13</items><items name="Gian Takano">10</items><items name="Mahan Takano">10</items><items name="Lui Demian">13</items><items name="Stabislas Binding">4</items><items name="Baik Pachowicz">12</items><items name="Junping Templeman">0</items><items name="Jerri Schuller">0</items><items name="Hanspeter Yavatkar">0</items><items name="Barbora Giannotti">13</items><items name="Allessandro Akkermans">4</items><items name="Lidong Faour">0</items><items name="Kanna Rubio">0</items><items name="Djamal Peak">0</items><items name="Perla Eichhorn">10</items><items name="Piew Scharf">0</items><items name="Sourabh Steingart">0</items><items name="Arjen Takano">13</items><items name="Giora Duclos">13</items><items name="Shuetsu Mancoridis">4</items><items name="Kazuhira Alsup">20</items><items name="Shihming Rothstein">19</items><items name="Michihiro Takano">0</items><items name="Jayson Cooper">19</items><items name="Mehrdad Collette">12</items><items name="Thoms Leazer">0</items><items name="Winston Spinner">13</items><items name="Object Beregi">0</items><items name="Asaf Rousset">8</items><items name="Richard Meekings">22</items><items name="Sasan Takano">18</items><items name="Ambros Diebold">0</items><items name="Yuichiro L'Excellent">0</items><items name="Qin Laurillard">20</items><items name="Bezalel Morrow">0</items><items name="Rusong Guardalben">6</items><items name="Ronghao Zadicario">5</items><items name="Manu MacGinnes">0</items><items name="Piyawadee Peng">13</items><items name="Xiaocheng Cooley">0</items><items name="Iskender Champarnaud">0</items><items name="Wataru Uselton">4</items><items name="Mohd Kushnir">0</items><items name="Kevin Norrish">4</items><items name="Lakshmi Lichtner">13</items><items name="Harley Larfeldt">7</items><items name="Salvador Sinicrope">0</items><items name="Teru Buisson">9</items><items name="Sakae Takano">0</items><items name="Graham Azulay">10</items><items name="Jaewon Lokketangen">0</items><items name="Yechezkel Beauzamy">0</items><items name="Yinong Bodwin">0</items><items name="Sampalli Rofougaran">21</items><items name="Arun Sambasivam">19</items><items name="Masateru Catot">10</items><items name="Tankoano Bruekers">12</items><items name="Geoffrey Mersmann">0</items><items name="Mehrdad Raza">8</items><items name="Junro Rosaz">0</items><items name="Mieczyslaw Catalkaya">0</items><items name="Elliott Luiz">13</items><items name="Wayne Routh">17</items>