<items person="73934.32">19</items><items person="56796.39">13</items><items person="58108.26">13</items><items person="81344.84">19</items><items person="56906.09">13</items><items person="59702.61">13</items><items person="61666.10">14</items><items person="72395.21">19</items><items person="51878.90">12</items><items person="88033.30">20</items><items person="78647.91">19</items><items person="61740.37">14</items><items person="71702.48">18</items><items person="59985.36">13</items><items person="62780.06">15</items><items person="59787.34">13</items><items person="59429.27">13</items><items person="58814.50">13</items><items person="50735.15">12</items><items person="91237.67">20</items><items person="61659.42">14</items><items person="77446.50">19</items><items person="87821.30">20</items><items person="57397.19">13</items><items person="117373.57">26</items><items person="73751.32">19</items><items person="69548.38">18</items><items person="58285.07">13</items><items person="66909.24">17</items><items person="77249.80">19</items><items person="67508.71">17</items><items person="133468.03">29</items><items person="72368.35">19</items><items person="89838.30">20</items><items person="66870.67">17</items><items person="53969.64">13</items><items person="96026.34">22</items><items person="52501.62">12</items><items person="50564.69">12</items><items person="65265.99">17</items><items person="82725.82">20</items><items person="56329.07">13</items><items person="58370.14">13</items><items person="57626.13">13</items><items person="58585.11">13</items><items person="53674.74">13</items><items person="82914.68">20</items><items person="76576.49">19</items><items person="76046.57">19</items><items person="54344.75">13</items><items person="97534.27">22</items><items person="71020.95">18</items><items person="82268.32">20</items><items person="59260.34">13</items><items person="56522.17">13</items><items person="92830.49">21</items><items person="76228.63">19</items><items person="55910.63">13</items><items person="63047.93">17</items>