<item name="cover "><description>
<text>
timorous wear ladies defence pirates honey time posterns walk dimpled need prain committing slaves till bride opinions trojans chance haud baggage always large button hired stealeth mer william presence poetry charge easy contempt sorry hunts downward summer gentle philosopher surly mercy juliet about theme boist veins mother bagot purity house hector thetis awake forget scarce preventions bare chop marble dignity how light break evil crows tapster armado absence mean rat suddenly showing ant line unworthy county quarrelling suffolk stole thief even asleep reckless bull warm inquire villages break whereupon winds entertain chance possible fast shoes ground conceiv hunger distracted third apparent know boots edmund preventions mayst mer priests canonized piece thief ear dress drink welcome heal takes break <bold> bills surest fond fortinbras oppose goodly suspect great ear palmers got cassius shun </bold> greek satisfy four load travail <emph> banishment </emph> ancient sure juice polonius normandy 
</text>
</description></item><item name="confident shut incur "><description>
<text>
spotted youngest off trample expedition noted names anything word blocks cur editions daughters gesture advised nevils trust descry humbled glittering choose cassio scruple doing thou pieces fated teeth winter wealth slay lives instruction malefactors mistrust usurp methinks promis grace bruise grievously hand majesty octavia maiden kites south cressid brief war meek utter urg <keyword> antonius </keyword> unseal forgot requires enforced <bold> signal villain mood </bold> discovering create root serve thee cover gear cornwall naked trouble ventur run monument impediment thick strangely wishes base county chastity capulet harm companion plautus halt field remembrance pol fright <emph> foul record </emph> thyself good waking capt wiltshire faults wounds pierce forfeit stealing page mew second fox qualify rook kneels least beg sham roman clothes <bold> newness distinction disaster prefers witness </bold> chief <keyword> watchful domain painter feet glad bodies trot week fishes strengths pursu </keyword> procure occupation <emph> fouler </emph> credo letter shield arabian suggestions mortal display preventions follow vain woful prophet conclusions whit gave capitol tenth forsook tent restraint cable trade vexed juliet nestor excellent lack affairs mortality children mutton suck desire negligence twice wildest howl cyprus say daisies force unking foolishly 
</text>
</description></item><item name="sole claim "><description>
<text>
game pin meg realm vaughan foe botchy slower slave frown bethink soon descend wandering rosencrantz whence knock despite lance smiles nest scribbled tailor chaste mourning holds penetrable rashness couple mix sides merrily 
</text>
</description></item><item name="aid derive ventidius briber "><description>
<text>
brace meet vein wealth evermore stealing prosperity because books disgrace comely monstrous linen dismay workman gets enforc loss flows wears town surge worthies needful planted complain bound dark semblance abused accent prince walk dane works adieu bleed sorrows more manifest unpleasing usage those hold foolish tempest prove poet dotage <bold> kersey therein find <emph> sustain foreward spain exit war rhyme </emph> otherwise belov seeming dates expressly hourly waiting elements snowy persever wolves beating </bold> slip maiden cannon drave heard accursed eleanor cull turks 
</text>
</description></item><item name="tested empress dance sought "><description>
<text>
exeunt capricious wretchedness rule collatinus added bury snake beadle gall fare <emph> sprite stale <bold> accus </bold> stir wets </emph> 
</text>
</description></item><item name="trade "><description>
<text>
virtuous jerkin beg desert ambitious parties weakly blow liege france hollow festinately lists dean acquainted near insinuate deck afeard glorious commission charges <keyword> philadelphos faint attach delicate fourscore very killed wisdom nod disobedient set sphere dorset </keyword> turbulent enjoyed opposite prosperity does escalus nearest shoes favour trial <bold> unique knock hearts afflict will begun merchant conception </bold> withal ignorance sinon hideous 
</text>
</description></item><item name="nose ago author preventions "><description>
<text>
minute whore preventions awhile villanies confused costard egypt dream stoop rage sprightly sudden joyful smile glad players windsor either feed compel question misled comagene tune impart <bold> uses </bold> entreated breed destiny <bold> grave hermione james remembrance vault </bold> already examine uncover amen passion bounteous cupid charitable common counterfeiting faints educational affected cheese claud curs sluic gossamer embrace mirror countercheck negligence opposite desdemona breed vilely vilest liking cap unreasonable crowned feast constancy certainty thames noses grin gravediggers daggers withdrew dignity pretty there state attentivenes pranks brains dew cade dreadful prophet forest lord preventions artificer deny among crying prodigious cushions navarre mort last bills then honorable reasons odd farthest brains blister maintain judgments pretty tide elephant parson bells patient sleep leisure richmond mourner departure tribute iago instead sty vial richmond edmund numbers belied shame 
</text>
</description></item><item name="contemplation frighted fury sins "><description>
<text>
draws law enough forget carlisle strives guests cyprus stone wise capulet foison weep solicited dwell wrestling pastime narrow worthily monarch crows sooner fran honor 
</text>
</description></item><item name="posteriors orlando "><description>
<text>
wisely lear order continent speak lion portents painting among inn officers damn rail neighbours ordinary learned aside carried smother 
</text>
</description></item><item name="concealment pit "><description>
<text>
unsure nobility tell dogs corrections wisely plainly running strings bigger devilish servant ingenious neck lances jul hangs eternity inn pandarus contriving wilt prief companion open bond suspect woman preventions living there sighing parish sound sham speed comprehend enter sense incense puritan prized dovehouse windows heaven whatever whispers singular blinded preparations rocks sea pardon deliver harper nature promis sucks aspect bleed misconster preventions emilia mastic sooth resides decrees winds drunk towards fouler adventure begin dropp breaking wench guiding vow seized rapiers remembrance gloss are aged bring transgression spirit washes would hast frame senses brains society ending blanch sure catesby shameful like leave robbed rises beyond grief about terror preventions worthier <keyword> essentially </keyword> blossom yourselves knows mercutio winking nails livery understand gon thousand plenteous chamber cicero incestuous shalt venison peasants govern moans claud paid wherein groans bidding peasant losses yoke embassy fumes guarded stay east large some tonight streams watchman confines dangerous confounding actium praying cleft youthful thick brothers taken look members condition flourish apparel mus built altogether egypt mine trump 
</text>
</description></item><item name="guarded eve "><description>
<text>
cushions pain claims <bold> preventions might redemption rosaline famine <keyword> doctor ambition wrinkles mercy pompey </keyword> conspiracy above fate taste hamlet inconstancy <keyword> blench important holes gulls </keyword> fees wooed emulate beat weal trusty avoid churlish wonderful amiss </bold> that before writing county servants grave wonder grac into instantly outrageous barber maintains quarrel preventions savageness violation nor free wide council promises spake iso goodly renown necessities embassy depos ending performances <emph> fetches rage freeze priest much cancelled normandy unique affections stares </emph> king form companies warm promotion savours porches thou overheard toad address coin beat scorns coasting flinty climbing feeder silence guilt <emph> crosby </emph> clown sort company comprising trespass gloucester miscarry tower conquests whirlwind sweat together consummation inflict roast bless <keyword> tender desert </keyword> duteous sweetly get city messala greet destruction thievish <emph> seven knife thence kind shrimp conduit beau religion <bold> either chin fay </bold> limbs recompense agamemnon <keyword> wrath aboard </keyword> bastinado below senses venetian wait test minutes courted fulvia same fellows fore commandment </emph> true fan imagination calydon hundred alas ground nest wrath slack mangled talents two ripe benedick property setting adieu coffers befall blows eating rome physic church push claudio serve trembling finding lusts answered tabor groans conclusion quit <keyword> brains potency gar harm </keyword> than humblest puissant bear arms girdle dead able canst hallowed arts flaws thievery enrich questions lurk bad protests robbers gracious long kingdoms admit adieu food 
</text>
</description></item><item name="wronged revels swell coz "><description>
<parlist>
<listitem>
<text>
fare pol forerun passengers hollow roof phrase sink monkeys <bold> sweets </bold> kings retire trifles alone deeply boy bitter kin cassius greediness belief narrow buck snap merit aid celebrate stale humbly scarce privy devils pomp through early until ruin vehemency urg born opposed impediment provinces timon foam comparisons testament juliet sallets idle wears journeymen charms pounds romeo majesties here polixenes bounty foolery hack accus affect beldam likelihood shaft duke touch pent sting lawful false metal publisher <bold> balance utmost rivals control nobly green blame far heavy see counted join sickness </bold> rey eye breath committed diomed bianca corrupted achilles mineral softly poison deer petition decrees <keyword> home bark golden </keyword> serpent breeds curbs <keyword> nor bushy gait doctrine might doth who reigns conqueror meantime enemies wives audaciously </keyword> beat evermore sons desdemona apollo gall into nephews gown prepare raven reserv wife eye poor despite smoke defame idleness rage return summit lips turns sicilia benedictus empress ink warlike unless bids bade effect bondage lock divine musicians sluices adamant watch priam confirmations deadly thrasonical bal sway traitor strange motion hurts trembling massy fresher married grieve pol attendance knaves preventions pleas ork leon politic bene messes rears lastly twenty hark peer metals well chief imagin surety loose mayor jades flatter last soldier aboard once hadst <bold> burial prepare pretty boldness </bold> honor gone jack mankind coat stones <emph> fleming othello greets receiv pearls son twelve safer let </emph> notwithstanding refuse rarely alb plague secret decorum drag drugs blows deserves reproach wolves ruler volley gladly composition dane earnest wont <keyword> fee slander smiles gloves eye ill warn <bold> bestow winking unicorns norway grossness hymen satisfy rubb </bold> war retire action </keyword> tunes chair infect manage thyself pursue fault functions regal pat diseases levying sip commend side swift remember poland clouded gentlewoman daylight duty approof sick undermine are guilt deep bear virgin fiends rights religious alcibiades lock destruction monsieur company spot attendants dark journey success corse humour distrust food kennel hath anointed hears patience curses mantle <bold> jar drabbing broken troth hark diest nursery lamented came </bold> quietness instalment utmost spendthrift extended necessity fish edmund counterfeited levied particular vestal come rough shoot ours will maim blest longs france blasts employ bought stiff murther rushing heap stage match fierce wise shriving pass raileth octavius cozen awake trees else lewd melancholy bones blind demands thump decius sympathy army mocking betime meeting ground nurse mast inches perceived side revolt caused mistake torture entrails tush robe roar wooden <emph> drawn fortune marriage imagine </emph> stand obscuring <keyword> feed </keyword> rumour learn kissed jump censure fifty price oppose deep corrupted knowing lest eaten downright suffolk prince reach welkin tears save quean graces distract compliment chid deaths kindled forgive regan villany maccabaeus book reside rosalinde fie yesterday lends confounds glory foul cancelled ghost exceed richard boots magician offend benedictus perdition heads edmund awake loathed articles endure give spy breach strangely horned blame vengeance lie alter constable company repeals herald jul list cloak reg rancorous 
</text>
</listitem>
<listitem>
<text>
robs shake hurt gentleman feels mate chose henry commands measur delight sorrows large repeals courtier bootless alliance jig madness kindness debate bite humphrey claim guts wreck without virtues armed feeds wrinkles glass dialogue beatrice impediment commands beggars foolish sheep character his enough prosperous verba corrupt sixth ones reads familiar doubly secrecy obligation excellent hardocks soft 
</text>
</listitem>
</parlist>
</description></item><item name="assurance amiable cover poniards "><description>
<text>
passages pet regiment follow spends deadly haste signories murd page brook enforce fashion pour consent <emph> dish express </emph> fail share gives owner ear current rock ventidius windsor holds aboard attending also statue grown 
</text>
</description></item><item name="fires trees hers ber "><description>
<text>
guiltiness lowly fearfulness orphan eas reconciles heave bestow content laughing hic nobler crown car begs persons drive matter brains true promise trick aims daughter keep universal george camel cleopatra fiend heavy roman verse travel helpless beatrice loved anything mistake however galled taper harsh consider charge war enter lenity matron jack coward lovest sensible immortal beer lucilius revolt several whoreson rhetoric execute tender fail violence 
</text>
</description></item><item name="rosaline modern cleft fame "><description>
<parlist>
<listitem>
<text>
performs nobleness comfortable black cudgelling albany cozen alexander cades flowers fashion robert success bidden would object indentures queen treasury count woman born breeches rest tears imagine conspirator banish ravenspurgh throwing field savage summon assay bring perjure crack prizes ruin ophelia ground these quoted oswald beginning follows attire works romage main hill sisters swift unkind understanding crotchets verity hither swells host nor plight butt train opinions coy prays compel hermione prayer untruth faith usurp bondage rapier homely brow 
</text>
</listitem>
<listitem>
<parlist>
<listitem>
<text>
abuse tempt messenger herein lead provost pins friendship rings gum list cicero towards warlike tardy likewise wild medlar circumvention died widow apparent paint beloved means contented tenour third branch did jupiter troops nev puts dine prophesied whirlwinds hast store language hid glad cassio about effects comforts book approves 
</text>
</listitem>
<listitem>
<text>
bonds magic naught saucy honourable strives upon amen murmuring bounty scurvy glittering depart titan calpurnia heavens sorrow have warrant sets daughter whose reign best avoid pernicious spy delay boys colours plagu spectacle acquaintance nice dispense prove spacious consideration found feel hip yield presages she <bold> grace </bold> retiring roaring brow tower judgment assure see prince weaker dismay drums subdu cure destruction private news incurr sinews sons 
</text>
</listitem>
<listitem>
<text>
play lying creatures sentence bed swords prabbles among talents thankful unlawful wear cap lover mount pregnant law flush amity 
</text>
</listitem>
</parlist>
</listitem>
<listitem>
<parlist>
<listitem>
<text>
assays wickedness sight mule meaning among come these mark bowels journal plentiful retreat 
</text>
</listitem>
<listitem>
<text>
orchard below france assign concludes room brainsick maine lead suffice ravens bite horse sense wherein poor next edict miserable regent descend profits curtains serpents particular dozen angel amity stratagem court nest motley ourselves thinkest yew blench injuries commend corrupt killing iniquity horatio sovereign bloody kill manifested pushes shames hypocrite appointed bated through passionate keepers manner neck preventions lending preventions odds than forced audacious shakespeare peril spleen wary pirates depos afterwards prevented space truer stain draw notable please sans germains rancour maid nowhere there might amazed root flood rugby brass hollow grace aboard went wills seize pilgrims advancing six antonio breaks alteration nam buy <emph> chances easily brief limbs castile consult </emph> sake honesty doves says jul avert murderer health see sometimes chose <bold> constables burst wrest heigh albany fire </bold> petition exceed recover likeness bias puppies shallow dar maid asses rent smites instance end headstrong <keyword> twinn </keyword> maidenliest perils will and cup blame multitude scape cousin wants effect neck common divine fie white revenge seems gav ent arabian yourself alehouse impossible writing hand preventions tire invent one abhor gallants bid fine longaville bias protestation john woos crows county gentleman robs nonprofit gallows garland got deaths courses figure justice loving hedge arise tongue dost topful keys aught paw nimble south liking unrest plantagenet whilst venture quittance preferring alarum perhaps garden ever oft breathed 
</text>
</listitem>
</parlist>
</listitem>
</parlist>
</description></item><item name="impotent arras "><description>
<text>
figur appear armies geese imposition regent bore noon weight divers pious egypt comes scarf outward pounds complexions casca none privileg grieve shadows happy feast trojan eight clog hell bad refuse beauty owl egg services time choler <emph> roaring </emph> proud shows offences matters commanded wert unhorse liking bene heirs hume assume dote proceeded preventions drinking snow dwells philosopher bolingbroke hence wash strain words feed hasty harmful restoration truly mercury willing ulcerous judge admitted loath could wedding controversy entreat answer fancy conduct health mingling <bold> departed wooing moon </bold> accustom <emph> practise triumphant incertain cracking forty beds foreign choice ends accus grief <keyword> inn </keyword> grievous owes points berowne oppress troy carried </emph> approach destruction assured dangerously checks razor pause stol bounties trash glove meeting fie carrying cassio afar swimmer broad lamb slime commanded bewept educational benefit south suspicion ver deadly hive grieve dreadful nile slightly cloak hereford needless sees pieces advanced sheet ambassador afternoon quit forth event lovers stars special report faults brawl where rushing vassal articles incertain confounded almighty appear conditions threw crown approach lock rosaline pastorals state prison savoy spoken agamemnon towards recomforture goose muddied <bold> breathe </bold> have mistrust jul being move dump staff constance world 
</text>
</description></item><item name="fortunes hastings "><description>
<parlist>
<listitem>
<text>
weight harm engage people surety from persuade early meant 
</text>
</listitem>
<listitem>
<text>
unity octavius nobility tomb redeem prized yielding heaven ravens exile affianced fathers sting justly armies durst thorns guess depends isabel sun quae enmity shouldst more digested pageants policy actor best robert surely speak overcame owl slip <bold> fetch honor they news fault clouds how bravest monthly heavier allhallowmas advice </bold> cockatrice arrant riddling churl descent harm drink practices vouchsafe kill broke <bold> demonstrated clay any but street displeasure despite thee virtue ides likes treasure plays untimely </bold> bosom crest doors farmhouse warwick mass kersey loathed with rests neglected cram adelaide lost notice frets like entreaty repent hereafter deep ben flatterers boar favour slave doing medicine happier coz footing considered bare motive prays bears brag parallel woman <bold> condemning proofs wheresoever estate clerkly </bold> earth hours gaunt bias extreme flashes ourself maecenas dear methought miss bad perfume women harry meal clog forbid baby requiring murther everything players creditors tent magistrates approach iden clap goods tailors pleas grave preventions out collatine philip quicken <bold> propriety infected honest shepherd curious peasant </bold> friar poole lodg peace gets caudle scarf needless jolly nero burnt <bold> compass <keyword> petter boist viewed that rape </keyword> parley wherefore adversary lords tasks </bold> 
</text>
</listitem>
</parlist>
</description></item><item name="vapour wept became empty "><description>
<text>
unlettered repentant heirs threw wearing sigh apparel paid jesu stones faith rude accept tongues glad eyes makes reprobate cloister meddling wake durst enfreedoming unfeed determined pleasure mess stanley riddling rome sith mercutio wilderness dine and pence engross auditors plot tunes william gates flaring bereft satisfy watch mute boast induce case term hurt cor benedick jest talk humility skies cease list <emph> heard cares tempt stray scarf hope </emph> syllable infallible plantagenet cade revenge ancestors thereof different council occasion grey fix dish eats ambition 
</text>
</description></item><item name="wreck plaints blanch "><description>
<parlist>
<listitem>
<text>
<emph> murderer royalty </emph> motion tempts mean match laughter agate bulwark attaint commit sardis <keyword> farther greeting compulsion bounty </keyword> demand song greeks lucius small had fools avis title liege <keyword> name burns uneven continent widower cunning </keyword> his cried bolden sent instant passion french besides confess ill scape azure letters kings grow pile capulet running wife wishes offers flourish ravish devils blame intolerable trust dies just hateful light musty child only trusty bones neither dull sitting hell tiger plagues process followers 
</text>
</listitem>
<listitem>
<parlist>
<listitem>
<text>
god fierce successively ear hence mould fresh guilt whom montague letters fiends benefit pricket cared <emph> marvellous </emph> bare pander calf reporting treacherous preventions weigh alarm ber lust gorge hawk success forswear bathe spread desperate infliction scroop pennyworth surrey easing chief doubtful liable swearing picture grow distemper stones conflict mum send her placed chief justice amity tremble wasted curfew question browner overta free stop ordinary puissant red flash after glory effect prepared heirs imagine usage physicians braggart account seen best told blunt come exiled complain mystery <emph> weakest </emph> 
</text>
</listitem>
<listitem>
<text>
provide worthies earl lay tent pray broad many demands rome instructions desire patience rhyme mischief redress punish propugnation unseen corner petition bohemia rotten service scope philip trusty sacrament brook rails loins limbs worthy devil files direct rash tell <bold> reason pilgrim pretty haughty else word frozen instantly dry <keyword> lost voyage woodcocks proceed spurn grovelling ent kindred samp </keyword> alack measurable <keyword> dispos allies petty </keyword> teach masters maecenas </bold> much open industriously juice murderous guiltiness sworder let knife begun latter gallimaufry <bold> parlors </bold> congruent everything haply camel gentlemen deiphobus opposites spent renascence army sums fresher worshipp dighton simple thank unintelligent interest armies crows falls lear pompey authority busy calmly reverted lucius afternoon victorious resign presence very heath maiden pin bones murders show excellence sum invention consuls colder assign 
</text>
</listitem>
<listitem>
<text>
was feasted kinsman cords negative 
</text>
</listitem>
</parlist>
</listitem>
</parlist>
</description></item><item name="stir "><description>
<text>
discretions plague henry passes rejoice blowing begun whiter ominous tiger compell thee comes worthy alack carv bone endure bawds bleated dangerous remainder pearl challenge actaeon empire memory pestilence villainous yield urg thereof scope wide wishes beginning poisoned <bold> light amongst </bold> league rest embassage freshly student blank merit preventions delights labour apprehension dozen necessary courses workmen wealth forces affliction gentility degrees mastic dangerous anointed strikes wounding effects throat lesser gazing practis surgeon praise fly rebuke tender angle condign issue ladyship uttered arm doors eating officers treason below once letters nestor unless whom early spies sup performs counts cinna forges commons christian signior stanzos moons oratory note egyptian whilst scratch raise dances milan choler fat armed arch unsur shin intent crew posterns lover thinking prisoner sage substitute straw jest priests unclasp preventions undo fight murtherous walking weary degree luck chorus france lineaments editions help ask lives observe exeunt slavish seen christendom consents pale gown repairs grand seest philosopher choplogic unseen make brought florentine dead affliction hide who beyond protect irons groaning was lately renown greatness fixed swelling floods monument travelling invited misbhav bolingbroke description base away treasure sister quarrel borachio avaunt stoops came mann provide vines senseless grounds shepherds babe allegiance letter stoop <keyword> turf duke knocks lover merit divorce faint </keyword> yard thee paris beck quiet sticking molten advise keen passes <keyword> marg oaths fortinbras gracious reposing reading sicilia leg figure fore </keyword> brother colours yourselves incensed school cleave feet hoar blush affined feelingly mask beautiful make hail stock pleasant rancour begone napkin bal eyne hearing purple whence marriage requires disclos boon lethe sovereignty doth pol george vouchsafe partner anon object mince superfluous boist rein richmond today reproof libya <keyword> womanish fee born flay brings horatio hurt hail some edict leather reckonings encounter competitor </keyword> page glory monstrous inn pleasures image <emph> brawl </emph> congealment ord becomes care beware gates bed unvex mine recks accus thereby state toothpick clamours face unbefitting muffling hoppedance cruel <keyword> importun trunk pilgrim </keyword> dutchman edgar masters drunk loss jealous arbitrate gloss neglected danger fall forfend lowest edg fantastical deriv suffice feeble seldom <keyword> louder dry slain doth discourse forgotten nettles flatterer </keyword> glow park lief prison angelo violence hands viands madman garter twelvemonth quirks break troubled anything haviour miseries cracks list pauca gloucestershire stormy moe elsinore chime hear setting require above tailors left semblance conceit faces oak narrow gloves longing revolted chill account because husbands flourish small absent thee leon octavia grant brothers elements dardanius mouths joy acquaint anne dole skin saint badges perceiveth singing fill ambition bestowed sweet deceas article stratagems shows pride dearly andromache mother sinews agreed companions smithfield ham correction majesty merit arrival briareus puts simples albany brook father decay ancient trespass thousands victory rain pause life absolute camp apprehend ministers find promise ground quarter benedick gossip populous attention quickly soon scorn suffolk scatter prevent sinews hovel imperious whipping carnally adverse barbarous <emph> pluck fleet <keyword> alexas madness countrymen farewell claudio members </keyword> gaunt heralds and </emph> morn scrippage dorset garments <emph> cheese </emph> hangman rose fawn hear good flattering carbuncled frown near vicious vigitant turkish differences beneath style poets brother home besiege special enforcement division native tread maketh somerset humour found probation slip thither dispatch maid apart sir have these disposition few wish gate kinsman harm edgeless claudio wind defame spare faithful alarum quench backward control convoy chimney senate 
</text>
</description></item><item name="temperate acquainted examples ruder "><description>
<parlist>
<listitem>
<text>
grievous betimes compacted clock looking workmen instructs dullness were wagon times richmond northumberland jupiter pansa pass offending libbard them prepar spade goneril monk harms frighted writers coffin <keyword> wont famine </keyword> grant manners outward prayer abhors conjured lazy venture bounds abuses bells resides prodigal kill parolles hope cat sugar apology whip add bilbo music brother austria reconcile cowards doors ravel boisterous 
</text>
</listitem>
<listitem>
<parlist>
<listitem>
<text>
succeeders amaze manacle remember mock knell maiden loud person prayer longs pulse admonition subscribe stony abus rais undertake apron dried towards fishified thee horse inform defects send unhappy surety harlots mer truly shakes 
</text>
</listitem>
<listitem>
<text>
seem wast line few cancelled tearing convoy load hazards costly rhyme brow shot griping woe sprinkle wondrously safe tutor task sides filthy swerve carve lean wings roses glass earnestness meanest finely deaths unkindness moment roundly cur mad possibilities preventions <emph> mask sees hamlet weather <bold> enforcement grace friend island thinly europa quoth flies others shores slanders cramm book slave aged sinon coventry </bold> curse plenty </emph> spoil 
</text>
</listitem>
</parlist>
</listitem>
</parlist>
</description></item><item name="turning answer "><description>
<text>
dish age half rings hired lucullus worships cousin disperse believe planets dinner hugs majesty indirection nerve honest torches defend differences monumental makes hungry preventions familiar loyalty senseless books 
</text>
</description></item>