condemn answer misdoubt nearest sighs wronged revels swell coz house tougher stayed surly ready fight troyan conscience licence spain dare following england sing editions gets falcon tells henry mocks sadness wrought sentence fall mournings hovel towards utter revenged news 