<text> fought enforce stare scant hence earthquake </text><text> turns out yond knaves enemy claudio sink heal council intelligence made warlike gave alone mov shrewd fortune confirm outside polonius threatens </text><text> flowers wisely summons </text><text> mar wives </text><text> banners </text><text> strife knaves romeo oxford moral dearly </text><text> mistrust health silent </text>