<person id="person97"/><person id="person170"/><person id="person154"/><person id="person136"/><person id="person121"/><person id="person158"/>