<person name="Sinisa Farrel"/><person name="Hayato Cappelletti"/><person name="Assef Muniz"/><person name="Lorcan Georgakopoulos"/><person name="Mohamadou Castella"/><person name="Chaosheng Dillon"/><person name="Rami Klugerman"/><person name="Yonghong Hacken"/><person name="Jorjeta Shiratori"/><person name="Moie Prata"/><person name="Taiji Schwantner"/><person name="Chihming Ballarin"/><person name="Mehrdad Erbach"/><person name="Merav Thornley"/><person name="Zhilian Gramp"/><person name="Cordelia Shackell"/><person name="Avijit Schade"/><person name="Chenye Bartell"/><person name="Juyoung Purna"/><person name="Asao Machesky"/><person name="Cetin Banning"/><person name="Patricio Veldwijk"/><person name="Shavinder Giger"/><person name="Miyuki Usdin"/><person name="Melvin Schiefer"/><person name="Marian Narasimhan"/><person name="Yimeng Eaglestone"/><person name="Mehrdad Stancampiano"/><person name="Gudrun Yaku"/><person name="Graham Takano"/><person name="Wanda Takano"/><person name="Suvo Leherte"/><person name="Mizuhito Skuppin"/><person name="Roch Grivas"/><person name="Leandro Attimonelli"/><person name="Kyujin Ortmann"/><person name="Hanja Ohmori"/><person name="Peichen Kacprzyk"/><person name="Haidar Yang"/><person name="Bernahrd Molberg"/><person name="Claudius McFarland"/><person name="Subash Challab"/><person name="Nobuyasu Bolsens"/><person name="Gwyneth Staylopatis"/><person name="Emanuele Fermuller"/><person name="Jurjen Pleszkun"/><person name="Gift Sloman"/><person name="Shai Kirihata"/><person name="Mehrdad Murthy"/><person name="Theordore Aingworth"/><person name="Yakichi Sabharwal"/><person name="Huseyin Zirintsis"/><person name="Shichao Iwayama"/><person name="Bradd Linsker"/><person name="Yoshiki Takano"/><person name="Tiina Mittasch"/><person name="Sumant Schlenzig"/><person name="Alassane Tautenhahn"/><person name="Weiru Douceur"/><person name="Kristo Baezner"/><person name="Sumant Devitt"/><person name="Kailasam Norigoe"/><person name="Yang Muluszynski"/><person name="Jorrge Gluck"/><person name="Anca Tanishita"/><person name="Goker Berc"/><person name="Kwee Swan"/><person name="Thane Carrier"/><person name="Gregor Pink"/><person name="Shietung Godskesen"/><person name="Mitsuho Takano"/><person name="Lanju Regli"/><person name="Mehrdad Hiyoshi"/><person name="Mir Garnham"/><person name="Bongham Sreekantaswamy"/><person name="Tokinori Gyssens"/><person name="Guillermo Wijayarathna"/><person name="Yung Flach"/><person name="Masateru Brancadori"/><person name="Wuxu Plump"/><person name="Mandyam Hatonen"/><person name="Lucas Kawashima"/><person name="Sunggu Peris"/><person name="Gro Wheeler"/><person name="Karabi Morvan"/><person name="Chihping Desautels"/><person name="Weining Kwasny"/><person name="Eliseu Grass"/><person name="Junzo Vingron"/><person name="Rujith Ullian"/><person name="Kazimir Sitter"/><person name="Heon Kernebeck"/><person name="Yacoub Kogge"/><person name="Kenroku Chauche"/><person name="Nematollaah Rovan"/><person name="Fariba Feldhoffer"/><person name="Ziyad Mancoridis"/><person name="Rupak Brundage"/><person name="Marcello Bharadwaj"/><person name="Velma Gidron"/><person name="Margita Businaro"/><person name="Raimond Tzvieli"/><person name="Yali Buford"/><person name="Nozomu Lutzeler"/><person name="Cong Takano"/><person name="Goncalo Bergere"/><person name="Vatsa Weaver"/><person name="Maguelonne Geffroy"/><person name="Tsuneo Nakatake"/><person name="Hanspeter Yavatkar"/><person name="Allessandro Akkermans"/><person name="Kanna Rubio"/><person name="Sourabh Steingart"/><person name="Arjen Takano"/><person name="Giora Duclos"/><person name="Kazuhira Alsup"/><person name="Michihiro Takano"/><person name="Jayson Cooper"/><person name="Winston Spinner"/><person name="Asaf Rousset"/><person name="Richard Meekings"/><person name="Qin Laurillard"/><person name="Rusong Guardalben"/><person name="Ronghao Zadicario"/><person name="Wataru Uselton"/><person name="Kevin Norrish"/><person name="Lakshmi Lichtner"/><person name="Salvador Sinicrope"/><person name="Teru Buisson"/><person name="Graham Azulay"/><person name="Jaewon Lokketangen"/><person name="Sampalli Rofougaran"/><person name="Arun Sambasivam"/><person name="Tankoano Bruekers"/><person name="Geoffrey Mersmann"/><person name="Mehrdad Raza"/><person name="Junro Rosaz"/><person name="Wayne Routh"/>