862.9067247 177.9275454 257.2390683 309.0482904 676.1863764 675.3269295 84.0494994 431.5745664 1368.6361326 267.2218746 1349.4858927 1299.7701951 38.0580717 14.0596698 261.0955608 41.3856738 1711.3571118 738.683592 94.8476784 2240.7764022 320.2872114 347.525067 2985.2116773 5924.1454446 1905.8565564 87.5974725 479.6374815 651.2403792 343.4702406 9.0792852 237.8904945 186.5660886 78.5622615 225.9463863 100.0704711 142.7342967 93.4152669 945.832332 608.9952585 130.1951868 320.8381389 150.3370962 1174.8859494 1699.8757827 40.1515962 304.2662397 249.8346027 471.5057916 373.3745853 151.5050625 517.7175903 30.5654577 525.6509463 887.5442025 2244.8312286 621.3580716 897.9016395 225.6378669 489.0473232 17.8941252 330.1377951 1590.637878 5605.4008302 70.0339038