<result><preferred>2</preferred><standard>90</standard><challenge>46</challenge><na>117</na></result>